[petro.themegum.com/elementor/index.html]
[backblue.gif]
[fade.gif]
[index.html]
[petro.themegum.com/elementor/wp-content/plugins/petro-elementor-addon/css/stylec225.css]
[petro.themegum.com/elementor/wp-includes/css/dist/block-library/style.minc225.css]
[petro.themegum.com/elementor/feed/index.html]
[petro.themegum.com/elementor/comments/feed/index.html]
[petro.themegum.com/elementor/wp-content/plugins/woocommerce/packages/woocommerce-blocks/build/style60a8.css]
[petro.themegum.com/elementor/wp-content/plugins/contact-form-7/includes/css/styles38c6.css]
[petro.themegum.com/elementor/wp-content/plugins/crelly-slider/css/crellyslider.min1159.css]
[petro.themegum.com/elementor/wp-content/plugins/woocommerce/assets/css/woocommerce-layout0235.css]
[petro.themegum.com/elementor/wp-content/plugins/woocommerce/assets/css/woocommerce-smallscreen0235.css]
[petro.themegum.com/elementor/wp-content/plugins/woocommerce/assets/css/woocommerce0235.css]
[petro.themegum.com/elementor/wp-content/plugins/elementor/assets/lib/eicons/css/elementor-icons.min4c7e.css]
[petro.themegum.com/elementor/wp-content/plugins/elementor/assets/lib/animations/animations.min339e.css]
[petro.themegum.com/elementor/wp-content/plugins/elementor/assets/css/frontend.min339e.css]
[petro.themegum.com/elementor/wp-content/uploads/sites/3/elementor/css/globala0cf.css]
[petro.themegum.com/elementor/wp-content/uploads/sites/3/elementor/css/post-2044a0cf.css]
[petro.themegum.com/elementor/wp-content/plugins/petro-elementor-addon/css/owl.carouselc225.css]
[petro.themegum.com/elementor/wp-content/plugins/petro-elementor-addon/css/animatec225.css]
[petro.themegum.com/elementor/wp-content/plugins/petro-elementor-addon/css/bootstrap_vertical_tabc225.css]
[petro.themegum.com/elementor/wp-content/themes/petro/stylec225.css]
[petro.themegum.com/elementor/wp-content/themes/petro/css/bootstrap46df.css]
[petro.themegum.com/elementor/wp-content/themes/petro/fonts/font-awesome/font-awesomec225.css]
[petro.themegum.com/elementor/wp-content/themes/petro/fonts/petro-construction/petro-constructionc225.css]
[petro.themegum.com/elementor/wp-content/themes/petro/fonts/font-construction/petro-constructionc225.css]
[petro.themegum.com/elementor/wp-content/themes/petro/css/themestylec225.css]
[petro.themegum.com/elementor/wp-content/themes/petro/css/style-site3c225.css]
[petro.themegum.com/elementor/wp-content/plugins/elementor/assets/lib/font-awesome/css/fontawesome.minb683.css]
[petro.themegum.com/elementor/wp-content/plugins/elementor/assets/lib/font-awesome/css/regular.minb683.css]
[petro.themegum.com/elementor/wp-content/plugins/elementor/assets/lib/font-awesome/css/solid.minb683.css]
[petro.themegum.com/elementor/wp-includes/js/jquery/jquery-migrate.min330a.js]
[petro.themegum.com/elementor/wp-includes/js/jquery/ui/core.mine899.js]
[petro.themegum.com/elementor/wp-includes/js/jquery/jquery4a5f.js]
[petro.themegum.com/elementor/wp-content/plugins/crelly-slider/js/jquery.crellyslider.min1159.js]
[petro.themegum.com/elementor/wp-content/plugins/petro-elementor-addon/js/owl.carousel.min77e6.js]
[petro.themegum.com/elementor/wp-content/plugins/petro-elementor-addon/js/responsive-tabs5152.js]
[petro.themegum.com/elementor/xmlrpc0db0.php]
[petro.themegum.com/elementor/wp-includes/wlwmanifest.xml]
[petro.themegum.com/elementor/wp-json/oembed/1.0/embed9634.json]
[petro.themegum.com/elementor/wp-json/index.html]
[petro.themegum.com/elementor/wp-json/oembed/1.0/embed3fa9]
[petro.themegum.com/elementor/wp-content/uploads/sites/3/2017/08/cropped-logo-petro-e1501692363807-1-32x32.png]
[petro.themegum.com/elementor/wp-content/uploads/sites/3/2017/08/cropped-logo-petro-e1501692363807-1-192x192.png]
[petro.themegum.com/elementor/wp-content/uploads/sites/3/2017/08/cropped-logo-petro-e1501692363807-1-180x180.png]
[petro.themegum.com/elementor/wp-content/uploads/sites/3/2017/06/logo-petro.png]
[petro.themegum.com/elementor/wp-content/uploads/sites/3/2017/08/logo-petro-e1501692363807.png]
[petro.themegum.com/elementor/wp-content/uploads/sites/3/2017/06/slide-3.jpg]
[petro.themegum.com/elementor/homepage-2/index.html]
[petro.themegum.com/elementor/homepage-3/index.html]
[petro.themegum.com/elementor/homepage-4/index.html]
[petro.themegum.com/elementor/wp-content/uploads/sites/3/2017/06/slide-1.jpg]
[petro.themegum.com/elementor/homepage-5/index.html]
[petro.themegum.com/elementor/homepage-6/index.html]
[petro.themegum.com/elementor/wp-content/uploads/sites/3/2017/06/slide-2.jpg]
[petro.themegum.com/elementor/homepage-7/index.html]
[petro.themegum.com/elementor/homepage-8/index.html]
[petro.themegum.com/elementor/wp-content/uploads/sites/3/elementor/thumbs/director-people-b-op4mhy4y6w848gkwuepbpfc367d16sk5bv3innov6o.png]
[petro.themegum.com/elementor/homepage-9/index.html]
[petro.themegum.com/elementor/wp-content/uploads/sites/3/2017/06/service-3-500x350.jpg]
[petro.themegum.com/elementor/homepage-10/index.html]
[petro.themegum.com/elementor/wp-content/uploads/sites/3/2017/06/service-detail-1-500x350.jpg]
[petro.themegum.com/elementor/header-variations/index.html]
[petro.themegum.com/elementor/wp-content/uploads/sites/3/2017/06/service-4-500x350.jpg]
[petro.themegum.com/elementor/wp-content/uploads/sites/3/2017/06/blog-4-500x350.jpg]
[petro.themegum.com/elementor/our-team/index.html]
[petro.themegum.com/elementor/our-team/our-company/index.html]
[petro.themegum.com/elementor/wp-content/uploads/sites/3/2017/06/project-detail-5-500x350.jpg]
[petro.themegum.com/elementor/our-team/company-history/index.html]
[petro.themegum.com/elementor/wp-content/uploads/sites/3/2017/06/project-detail-4-500x350.jpg]
[petro.themegum.com/elementor/our-team/our-partners/index.html]
[petro.themegum.com/elementor/wp-content/uploads/sites/3/2017/06/project-detail-3-500x350.jpg]
[petro.themegum.com/elementor/wp-content/uploads/sites/3/2017/06/project-detail-2-500x350.jpg]
[petro.themegum.com/elementor/contact-us/index.html]
[petro.themegum.com/elementor/services-1/index.html]
[petro.themegum.com/elementor/wp-content/uploads/sites/3/2017/06/project-detail-1-500x350.jpg]
[petro.themegum.com/elementor/service-2-2/index.html]
[petro.themegum.com/elementor/wp-content/uploads/sites/3/2017/06/testimony-thumb-3-400x400.jpg]
[petro.themegum.com/elementor/wp-content/uploads/sites/3/2017/06/testimony-thumb-4-400x400.jpg]
[petro.themegum.com/elementor/petro-service/agricultural-processing/index.html]
[petro.themegum.com/elementor/wp-content/uploads/sites/3/2017/06/testimony-thumb-2-400x400.jpg]
[petro.themegum.com/elementor/petro-service/mechanical-engineering/index.html]
[petro.themegum.com/elementor/wp-content/uploads/sites/3/2017/06/testimony-thumb-1-400x400.jpg]
[petro.themegum.com/elementor/projects/index.html]
[petro.themegum.com/elementor/wp-content/uploads/sites/3/2017/06/blog-2.jpg]
[petro.themegum.com/elementor/project/industrial-complex/index.html]
[petro.themegum.com/elementor/project-4-columns/index.html]
[petro.themegum.com/elementor/blog/index.html]
[petro.themegum.com/elementor/wp-content/uploads/sites/3/2017/06/blog-4.jpg]
[petro.themegum.com/elementor/category/machinery/index.html]
[petro.themegum.com/elementor/2017/06/14/suspendisse-vel-egestas-arcu-pellentesque-habitant-morbi-tristique-senectus-et-netus-et-malesuada-fames-ac-turpis-egestas/index.html]
[petro.themegum.com/elementor/indexb00f.html]
[petro.themegum.com/elementor/wp-content/uploads/sites/3/2017/06/project-detail-5.jpg]
[petro.themegum.com/elementor/index24ab.html]
[petro.themegum.com/elementor/wp-content/uploads/sites/3/2017/06/partners-1.png]
[petro.themegum.com/elementor/elements/testimonial-demo/index.html]
[petro.themegum.com/elementor/wp-content/uploads/sites/3/2017/06/partners-2.png]
[petro.themegum.com/elementor/elements/pricing-table/index.html]
[petro.themegum.com/elementor/elements/responsive-tabs/index.html]
[petro.themegum.com/elementor/wp-content/uploads/sites/3/2017/06/partners-3.png]
[petro.themegum.com/elementor/elements/button/index.html]
[petro.themegum.com/elementor/wp-content/uploads/sites/3/2017/06/partners-4.png]
[petro.themegum.com/elementor/elements/custom-team/index.html]
[petro.themegum.com/wp-content/uploads/2017/06/logo-light.png]
[petro.themegum.com/elementor/elements/timeline/index.html]
[petro.themegum.com/elementor/elements/unordered-list/index.html]
[petro.themegum.com/elementor/wp-content/uploads/sites/3/elementor/css/post-3951a0cf.css]
[petro.themegum.com/elementor/elements/icon-boxes/index.html]
[petro.themegum.com/elementor/404-1/404-2/index.html]
[petro.themegum.com/elementor/404-1/index.html]
[petro.themegum.com/elementor/wp-content/plugins/contact-form-7/includes/js/scripts38c6.js]
[petro.themegum.com/elementor/elements/glyph-icon/index.html]
[petro.themegum.com/elementor/wp-content/plugins/woocommerce/assets/js/jquery-blockui/jquery.blockUI.min44fd.js]
[petro.themegum.com/elementor/404-1/404-3/index.html]
[petro.themegum.com/elementor/404-1/404-4/index.html]
[petro.themegum.com/elementor/404-1/404-5/index.html]
[petro.themegum.com/elementor/wp-content/plugins/woocommerce/assets/js/frontend/add-to-cart.min0235.js]
[petro.themegum.com/elementor/wp-content/plugins/woocommerce/assets/js/js-cookie/js.cookie.min6b25.js]
[petro.themegum.com/elementor/shop/index.html]
[petro.themegum.com/elementor/wp-content/plugins/woocommerce/assets/js/frontend/woocommerce.min0235.js]
[petro.themegum.com/elementor/shop/cart/index.html]
[petro.themegum.com/elementor/wp-content/plugins/woocommerce/assets/js/frontend/cart-fragments.min0235.js]
[petro.themegum.com/elementor/project/balongan-refinery/index.html]
[petro.themegum.com/elementor/project/offshore/index.html]
[petro.themegum.com/elementor/project/wind-power/index.html]
[petro.themegum.com/elementor/wp-content/themes/petro/js/jquery.easing.1.35152.js]
[petro.themegum.com/elementor/wp-content/themes/petro/js/jquery.superslides5152.js]
[petro.themegum.com/elementor/project/oil-pipeline/index.html]
[petro.themegum.com/elementor/project/gear-manufacturing/index.html]
[petro.themegum.com/elementor/project/iron-smelter/index.html]
[petro.themegum.com/elementor/wp-content/plugins/petro-elementor-addon/js/bootstrap6aec.js]
[petro.themegum.com/elementor/project/warehouse-industry/index.html]
[petro.themegum.com/elementor/project/the-gas-company/index.html]
[petro.themegum.com/elementor/wp-content/themes/petro/js/modernizr.custom5152.js]
[petro.themegum.com/elementor/petro-service/material-engineering/index.html]
[petro.themegum.com/elementor/wp-content/themes/petro/js/themescript5152.js]
[petro.themegum.com/elementor/petro-service/chemical-research/index.html]
[petro.themegum.com/elementor/petro-service/power-and-energy/index.html]
[www.google-analytics.com/analytics.js]
[petro.themegum.com/elementor/petro-service/oils-and-lubricants/index.html]
[petro.themegum.com/elementor/2017/06/14/best-in-dolor-sit-amet-consectetur-adipisicing/index.html]
[petro.themegum.com/elementor/wp-includes/js/comment-reply.minc225.js]
[petro.themegum.com/elementor/wp-content/themes/petro/js/jquery.magnific-popup.min5152.js]
[petro.themegum.com/elementor/2017/06/14/cras-malesuada-elit-leo-id-ultrices-felis-porttitor-convallis/index.html]
[petro.themegum.com/elementor/wp-includes/js/wp-embed.minc225.js]
[petro.themegum.com/elementor/wp-content/plugins/petro-elementor-addon/js/isotope.pkgd.min001e.js]
[petro.themegum.com/elementor/wp-includes/js/imagesloaded.min55a0.js]
[petro.themegum.com/elementor/wp-content/plugins/petro-elementor-addon/js/gum-nuno-addon8a54.js]
[petro.themegum.com/elementor/wp-includes/js/jquery/ui/position.mine899.js]
[petro.themegum.com/elementor/wp-content/plugins/elementor/assets/js/frontend-modules.min339e.js]
[petro.themegum.com/elementor/wp-content/plugins/elementor/assets/lib/dialog/dialog.minae9e.js]
[petro.themegum.com/elementor/wp-content/plugins/elementor/assets/lib/waypoints/waypoints.min05da.js]
[petro.themegum.com/elementor/wp-content/plugins/elementor/assets/lib/share-link/share-link.min339e.js]
[petro.themegum.com/elementor/index.html]
[petro.themegum.com/elementor/xmlrpc.php]
[petro.themegum.com/elementor/wp-content/plugins/petro-elementor-addon/css/stylec225.css]
[petro.themegum.com/elementor/wp-includes/css/dist/block-library/style.minc225.css]
[petro.themegum.com/elementor/wp-content/plugins/woocommerce/packages/woocommerce-blocks/build/style60a8.css]
[petro.themegum.com/elementor/wp-content/plugins/contact-form-7/images/ajax-loader.gif]
[petro.themegum.com/elementor/wp-content/plugins/contact-form-7/includes/css/styles38c6.css]
[petro.themegum.com/elementor/wp-content/plugins/crelly-slider/images/arrow-left.png]
[petro.themegum.com/elementor/wp-content/plugins/crelly-slider/images/arrow-right.png]
[petro.themegum.com/elementor/wp-content/plugins/crelly-slider/css/crellyslider.min1159.css]
[petro.themegum.com/elementor/wp-content/plugins/elementor/assets/lib/swiper/swiper.min48f5.js]
[petro.themegum.com/elementor/wp-content/plugins/woocommerce/assets/css/woocommerce-layout0235.css]
[petro.themegum.com/elementor/wp-content/plugins/woocommerce/assets/css/woocommerce-smallscreen0235.css]
[petro.themegum.com/elementor/wp-content/plugins/woocommerce/assets/fonts/star.eot]
[petro.themegum.com/elementor/wp-content/plugins/elementor/assets/js/frontend.min339e.js]
[petro.themegum.com/elementor/wp-content/plugins/woocommerce/assets/fonts/stard41d.eot]
[petro.themegum.com/elementor/wp-content/plugins/woocommerce/assets/fonts/star.woff]
[petro.themegum.com/elementor/wp-content/plugins/woocommerce/assets/fonts/star.ttf]
[petro.themegum.com/elementor/wp-content/plugins/woocommerce/assets/fonts/star.svg]
[petro.themegum.com/elementor/wp-content/plugins/woocommerce/assets/fonts/WooCommerce.eot]
[petro.themegum.com/elementor/wp-content/plugins/woocommerce/assets/fonts/WooCommerce.woff]
[petro.themegum.com/elementor/wp-content/plugins/woocommerce/assets/fonts/WooCommerced41d.eot]
[petro.themegum.com/elementor/wp-content/plugins/woocommerce/assets/fonts/WooCommerce.ttf]
[petro.themegum.com/elementor/wp-content/plugins/woocommerce/assets/fonts/WooCommerce.svg]
[petro.themegum.com/elementor/wp-content/plugins/woocommerce/assets/images/icons/loader.svg]
[petro.themegum.com/elementor/wp-content/plugins/woocommerce/assets/images/icons/credit-cards/visa.svg]
[petro.themegum.com/elementor/wp-content/plugins/woocommerce/assets/images/icons/credit-cards/mastercard.svg]
[petro.themegum.com/elementor/wp-content/plugins/woocommerce/assets/images/icons/credit-cards/laser.svg]
[petro.themegum.com/elementor/wp-content/plugins/woocommerce/assets/images/icons/credit-cards/diners.svg]
[petro.themegum.com/elementor/wp-content/plugins/woocommerce/assets/images/icons/credit-cards/maestro.svg]
[petro.themegum.com/elementor/wp-content/plugins/woocommerce/assets/images/icons/credit-cards/jcb.svg]
[petro.themegum.com/elementor/wp-content/plugins/woocommerce/assets/images/icons/credit-cards/amex.svg]
[petro.themegum.com/elementor/wp-content/plugins/woocommerce/assets/css/woocommerce0235.css]
[petro.themegum.com/elementor/wp-content/plugins/woocommerce/assets/images/icons/credit-cards/discover.svg]
[petro.themegum.com/elementor/wp-content/plugins/elementor/assets/lib/eicons/fonts/eicons2cbf.woff2]
[petro.themegum.com/elementor/wp-content/plugins/elementor/assets/lib/eicons/fonts/eicons2cbf.woff]
[petro.themegum.com/elementor/wp-content/plugins/elementor/assets/lib/eicons/fonts/eicons2cbf.ttf]
[petro.themegum.com/elementor/wp-content/plugins/elementor/assets/lib/eicons/fonts/eicons2cbf.eot]
[petro.themegum.com/elementor/wp-content/plugins/elementor/assets/lib/eicons/fonts/eicons2cbf.svg]
[petro.themegum.com/elementor/wp-content/plugins/elementor/assets/lib/eicons/css/elementor-icons.min4c7e.css]
[petro.themegum.com/elementor/wp-content/plugins/elementor/assets/lib/animations/animations.min339e.css]
[petro.themegum.com/elementor/wp-content/plugins/elementor/assets/css/frontend.min339e.css]
[petro.themegum.com/elementor/wp-content/uploads/sites/3/elementor/css/globala0cf.css]
[petro.themegum.com/elementor/wp-content/uploads/sites/3/2017/06/banner-page.jpg]
[petro.themegum.com/elementor/wp-content/uploads/sites/3/elementor/css/post-2044a0cf.css]
[petro.themegum.com/elementor/wp-content/plugins/petro-elementor-addon/css/owl.video.play.png]
[petro.themegum.com/elementor/wp-content/plugins/petro-elementor-addon/css/owl.carouselc225.css]
[petro.themegum.com/elementor/wp-content/plugins/petro-elementor-addon/css/animatec225.css]
[petro.themegum.com/elementor/wp-content/plugins/petro-elementor-addon/css/bootstrap_vertical_tabc225.css]
[petro.themegum.com/elementor/wp-content/themes/petro/stylec225.css]
[petro.themegum.com/elementor/wp-content/themes/petro/css/bootstrap46df.css]
[petro.themegum.com/elementor/wp-content/themes/petro/fonts/font-awesome/fontawesome-webfont3e6e.eot]
[petro.themegum.com/elementor/wp-content/themes/petro/fonts/font-awesome/fontawesome-webfont3e6e.woff2]
[petro.themegum.com/elementor/wp-content/themes/petro/fonts/font-awesome/fontawesome-webfont3e6e.woff]
[petro.themegum.com/elementor/wp-content/themes/petro/fonts/font-awesome/fontawesome-webfontd41d.eot]
[petro.themegum.com/elementor/wp-content/themes/petro/fonts/font-awesome/fontawesome-webfont3e6e.ttf]
[petro.themegum.com/elementor/wp-content/themes/petro/fonts/font-awesome/font-awesomec225.css]
[petro.themegum.com/elementor/wp-content/themes/petro/fonts/petro-construction/petro-webfontc56b.woff2]
[petro.themegum.com/elementor/wp-content/themes/petro/fonts/petro-construction/petro-webfontc56b.eot]
[petro.themegum.com/elementor/wp-content/themes/petro/fonts/petro-construction/petro-webfontc56b.woff]
[petro.themegum.com/elementor/wp-content/themes/petro/fonts/petro-construction/petro-webfontc56b.ttf]
[petro.themegum.com/elementor/wp-content/themes/petro/fonts/petro-construction/petro-webfontc56b.svg]
[petro.themegum.com/elementor/wp-content/themes/petro/fonts/petro-construction/petro-constructionc225.css]
[petro.themegum.com/elementor/wp-content/themes/petro/fonts/font-construction/petro-webfontc56b.woff2]
[petro.themegum.com/elementor/wp-content/themes/petro/fonts/font-construction/petro-webfontc56b.woff]
[petro.themegum.com/elementor/wp-content/themes/petro/fonts/font-construction/petro-webfontc56b.eot]
[petro.themegum.com/elementor/wp-content/themes/petro/fonts/font-construction/petro-webfontc56b.ttf]
[petro.themegum.com/elementor/wp-content/themes/petro/fonts/font-construction/petro-webfontc56b.svg]
[petro.themegum.com/elementor/wp-content/themes/petro/fonts/font-construction/petro-constructionc225.css]
[petro.themegum.com/elementor/wp-content/themes/petro/css/themestylec225.css]
[petro.themegum.com/elementor/wp-content/themes/petro/css/style-site3c225.css]
[petro.themegum.com/elementor/wp-content/plugins/elementor/assets/lib/font-awesome/css/fontawesome.minb683.css]
[petro.themegum.com/elementor/wp-content/plugins/elementor/assets/lib/font-awesome/webfonts/fa-regular-400.woff2]
[petro.themegum.com/elementor/wp-content/plugins/elementor/assets/lib/font-awesome/webfonts/fa-regular-400.woff]
[petro.themegum.com/elementor/wp-content/plugins/elementor/assets/lib/font-awesome/webfonts/fa-regular-400.eot]
[petro.themegum.com/elementor/wp-content/plugins/elementor/assets/lib/font-awesome/webfonts/fa-regular-400.ttf]
[petro.themegum.com/elementor/wp-content/plugins/elementor/assets/lib/font-awesome/css/regular.minb683.css]
[petro.themegum.com/elementor/wp-content/plugins/elementor/assets/lib/font-awesome/webfonts/fa-regular-400d41d.eot]
[petro.themegum.com/elementor/wp-content/plugins/elementor/assets/lib/font-awesome/webfonts/fa-regular-400.svg]
[petro.themegum.com/elementor/wp-content/plugins/elementor/assets/lib/font-awesome/webfonts/fa-solid-900.woff2]
[petro.themegum.com/elementor/wp-content/plugins/elementor/assets/lib/font-awesome/webfonts/fa-solid-900.woff]
[petro.themegum.com/elementor/wp-content/plugins/elementor/assets/lib/font-awesome/webfonts/fa-solid-900.ttf]
[petro.themegum.com/elementor/wp-content/plugins/elementor/assets/lib/font-awesome/webfonts/fa-solid-900.eot]
[petro.themegum.com/elementor/wp-content/plugins/elementor/assets/lib/font-awesome/webfonts/fa-solid-900d41d.eot]
[petro.themegum.com/elementor/wp-content/plugins/elementor/assets/lib/font-awesome/css/solid.minb683.css]
[petro.themegum.com/elementor/wp-content/uploads/sites/3/elementor/css/post-2061c46d.css]
[petro.themegum.com/elementor/wp-json/oembed/1.0/embed2f30.json]
[petro.themegum.com/elementor/wp-content/plugins/elementor/assets/lib/font-awesome/webfonts/fa-solid-900.svg]
[petro.themegum.com/elementor/wp-json/oembed/1.0/embed56de]
[petro.themegum.com/elementor/wp-content/uploads/sites/3/2017/06/blog-5-600x400.jpg]
[petro.themegum.com/elementor/wp-content/uploads/sites/3/2017/06/project-detail-5-600x400.jpg]
[petro.themegum.com/elementor/wp-content/uploads/sites/3/2017/06/service-4.jpg]
[petro.themegum.com/elementor/wp-content/uploads/sites/3/2017/06/service-3.jpg]
[petro.themegum.com/elementor/wp-content/uploads/sites/3/2017/06/service-2.jpg]
[petro.themegum.com/elementor/wp-content/uploads/sites/3/2017/06/service-detail-1-600x400.jpg]
[petro.themegum.com/elementor/wp-content/uploads/sites/3/2017/06/testimony-thumb-3-200x200.jpg]
[petro.themegum.com/elementor/wp-content/uploads/sites/3/2017/06/testimony-thumb-4-200x200.jpg]
[petro.themegum.com/elementor/wp-content/uploads/sites/3/2017/06/testimony-thumb-2-200x200.jpg]
[petro.themegum.com/elementor/wp-content/uploads/sites/3/2017/06/testimony-thumb-1-200x200.jpg]
[petro.themegum.com/elementor/homepage-2/index.html]
[petro.themegum.com/elementor/wp-content/plugins/elementor/assets/lib/jquery-numerator/jquery-numerator.min3958.js]
[petro.themegum.com/elementor/wp-content/uploads/sites/3/elementor/css/post-2154b163.css]
[petro.themegum.com/elementor/wp-json/oembed/1.0/embed183a.json]
[petro.themegum.com/elementor/wp-json/oembed/1.0/embed715d]
[petro.themegum.com/elementor/wp-content/uploads/sites/3/elementor/thumbs/blog-4-oozcqa7eb7yjchoj69v1tni6oamb2vdxhn0qa7qjs0.jpg]
[petro.themegum.com/elementor/wp-content/uploads/sites/3/2017/06/service-3-600x400.jpg]
[petro.themegum.com/elementor/wp-content/uploads/sites/3/2017/06/service-4-600x400.jpg]
[petro.themegum.com/elementor/wp-content/uploads/sites/3/2017/06/blog-4-600x400.jpg]
[petro.themegum.com/elementor/wp-content/uploads/sites/3/2017/06/testimony-thumb-3-150x150.jpg]
[petro.themegum.com/elementor/wp-content/uploads/sites/3/2017/06/testimony-thumb-4-150x150.jpg]
[petro.themegum.com/elementor/wp-content/uploads/sites/3/2017/06/testimony-thumb-2-150x150.jpg]
[petro.themegum.com/elementor/wp-content/uploads/sites/3/2017/06/testimony-thumb-1-150x150.jpg]
[petro.themegum.com/elementor/homepage-3/index.html]
[petro.themegum.com/elementor/wp-content/uploads/sites/3/elementor/css/post-312878f9.css]
[petro.themegum.com/elementor/wp-json/oembed/1.0/embedbc8b.json]
[petro.themegum.com/elementor/homepage-4/index.html]
[petro.themegum.com/elementor/wp-json/oembed/1.0/embed165b]
[petro.themegum.com/elementor/wp-content/uploads/sites/3/elementor/css/post-3142b107.css]
[petro.themegum.com/elementor/wp-json/oembed/1.0/embedd12f.json]
[petro.themegum.com/elementor/wp-json/oembed/1.0/embed8848]
[petro.themegum.com/elementor/wp-content/uploads/sites/3/2017/06/project-detail-4-600x400.jpg]
[petro.themegum.com/elementor/wp-content/uploads/sites/3/2017/06/project-detail-3-600x400.jpg]
[petro.themegum.com/elementor/wp-content/uploads/sites/3/2017/06/project-detail-2-600x400.jpg]
[petro.themegum.com/elementor/homepage-5/index.html]
[petro.themegum.com/elementor/wp-content/uploads/sites/3/elementor/css/post-3148b107.css]
[petro.themegum.com/elementor/wp-json/oembed/1.0/embed740d.json]
[petro.themegum.com/elementor/homepage-6/index.html]
[petro.themegum.com/elementor/wp-json/oembed/1.0/embed7e7b]
[petro.themegum.com/elementor/wp-content/uploads/sites/3/elementor/css/post-3173b107.css]
[petro.themegum.com/elementor/wp-json/oembed/1.0/embedc6dd.json]
[petro.themegum.com/elementor/wp-json/oembed/1.0/embed8e10]
[petro.themegum.com/elementor/wp-content/uploads/sites/3/elementor/thumbs/blog-2-oozcq99ggtkingkzf3jdg11ncqk95sm83m3kdov8wg.jpg]
[petro.themegum.com/elementor/homepage-7/index.html]
[petro.themegum.com/elementor/wp-content/uploads/sites/3/elementor/css/post-3209b107.css]
[petro.themegum.com/elementor/wp-json/oembed/1.0/embed07ec.json]
[petro.themegum.com/elementor/homepage-8/index.html]
[petro.themegum.com/elementor/wp-json/oembed/1.0/embed492a]
[petro.themegum.com/elementor/wp-content/uploads/sites/3/elementor/css/post-322278f9.css]
[petro.themegum.com/elementor/wp-json/oembed/1.0/embedf711.json]
[petro.themegum.com/elementor/homepage-9/index.html]
[petro.themegum.com/elementor/wp-json/oembed/1.0/embedca57]
[petro.themegum.com/elementor/wp-content/uploads/sites/3/elementor/css/post-323378f9.css]
[petro.themegum.com/elementor/wp-json/oembed/1.0/embed6d02.json]
[petro.themegum.com/elementor/homepage-10/index.html]
[petro.themegum.com/elementor/wp-json/oembed/1.0/embed06d3]
[petro.themegum.com/elementor/wp-content/uploads/sites/3/elementor/css/post-396978f9.css]
[petro.themegum.com/elementor/wp-json/oembed/1.0/embed5ec8.json]
[petro.themegum.com/elementor/wp-json/oembed/1.0/embedac0f]
[petro.themegum.com/elementor/wp-content/uploads/sites/3/2017/12/preset1.png]
[petro.themegum.com/elementor/wp-content/uploads/sites/3/2017/12/preset2.png]
[petro.themegum.com/elementor/wp-content/uploads/sites/3/2017/12/preset3.png]
[petro.themegum.com/elementor/wp-content/uploads/sites/3/2017/12/preset4.png]
[petro.themegum.com/elementor/wp-content/uploads/sites/3/2017/12/preset5.png]
[petro.themegum.com/elementor/wp-content/uploads/sites/3/2017/12/preset6.png]
[petro.themegum.com/elementor/wp-content/uploads/sites/3/2017/12/preset7.png]
[petro.themegum.com/elementor/wp-content/uploads/sites/3/2017/12/preset8.png]
[petro.themegum.com/elementor/wp-content/uploads/sites/3/2017/12/preset9.png]
[petro.themegum.com/elementor/wp-content/uploads/sites/3/2017/12/preset10.png]
[petro.themegum.com/elementor/wp-content/uploads/sites/3/2018/05/preset11.png]
[petro.themegum.com/elementor/wp-content/uploads/sites/3/2018/05/preset12.png]
[petro.themegum.com/elementor/wp-content/uploads/sites/3/2018/05/preset13.png]
[petro.themegum.com/elementor/wp-content/uploads/sites/3/2018/05/preset14.png]
[petro.themegum.com/elementor/wp-content/uploads/sites/3/2018/05/preset15.png]
[petro.themegum.com/elementor/wp-content/uploads/sites/3/2018/05/preset16.png]
[petro.themegum.com/elementor/wp-content/uploads/sites/3/2018/05/preset17.png]
[petro.themegum.com/elementor/header-variations/index.html]
[petro.themegum.com/elementor/wp-content/uploads/sites/3/elementor/css/post-1965b838.css]
[petro.themegum.com/elementor/wp-content/plugins/elementor/assets/lib/font-awesome/css/brands.minb683.css]
[petro.themegum.com/elementor/wp-json/oembed/1.0/embed28b6.json]
[petro.themegum.com/elementor/wp-json/oembed/1.0/embedba05]
[petro.themegum.com/elementor/wp-content/uploads/sites/3/2017/06/team-1.jpg]
[petro.themegum.com/elementor/wp-content/uploads/sites/3/2017/06/team-2.jpg]
[petro.themegum.com/elementor/wp-content/uploads/sites/3/2017/06/team-3.jpg]
[petro.themegum.com/elementor/wp-content/uploads/sites/3/2017/06/team-4.jpg]
[petro.themegum.com/elementor/our-team/index.html]
[petro.themegum.com/elementor/wp-content/uploads/sites/3/elementor/css/post-19835dd0.css]
[petro.themegum.com/elementor/wp-json/oembed/1.0/embed3527.json]
[petro.themegum.com/elementor/wp-json/oembed/1.0/embed41ff]
[petro.themegum.com/elementor/wp-content/uploads/sites/3/elementor/thumbs/blog-3-oozcq99hooco162knz2bajz075js6luconxtim2zes.jpg]
[petro.themegum.com/elementor/wp-content/uploads/sites/3/elementor/thumbs/blog-4-oozcqa7bvidycs17ihgxv1qgsjf5eay30slazw1l8k.jpg]
[petro.themegum.com/elementor/wp-content/uploads/sites/3/elementor/thumbs/blog-2-oozcq99hooco162knz2bajz075js6luconxtim2zes.jpg]
[petro.themegum.com/elementor/our-team/our-company/index.html]
[petro.themegum.com/elementor/wp-content/uploads/sites/3/elementor/css/post-20138eff.css]
[petro.themegum.com/elementor/wp-json/oembed/1.0/embedecff.json]
[petro.themegum.com/elementor/wp-json/oembed/1.0/embed64f7]
[petro.themegum.com/elementor/wp-content/uploads/sites/3/elementor/thumbs/blog-4-oozcqa7gqxiu3wnpo0wxipcwd4ld4hu6nqp8k260so.jpg]
[petro.themegum.com/elementor/wp-content/uploads/sites/3/elementor/thumbs/blog-3-oozcq99mk3hjsap2tiiay7lfrqpzwsqgbm1r2s7eyw.jpg]
[petro.themegum.com/elementor/wp-content/uploads/sites/3/elementor/thumbs/blog-2-oozcq99mk3hjsap2tiiay7lfrqpzwsqgbm1r2s7eyw.jpg]
[petro.themegum.com/elementor/wp-content/uploads/sites/3/2017/06/history-1-600x400.jpg]
[petro.themegum.com/elementor/wp-content/uploads/sites/3/2017/06/project-detail-1-600x400.jpg]
[petro.themegum.com/elementor/wp-content/uploads/sites/3/2017/06/history-4-600x400.jpg]
[petro.themegum.com/elementor/our-team/company-history/index.html]
[petro.themegum.com/elementor/wp-content/uploads/sites/3/elementor/css/post-2030b0c0.css]
[petro.themegum.com/elementor/wp-json/oembed/1.0/embed79f4.json]
[petro.themegum.com/elementor/wp-json/oembed/1.0/embed336b]
[petro.themegum.com/elementor/wp-content/uploads/sites/3/2017/06/partners-5.png]
[petro.themegum.com/elementor/wp-content/uploads/sites/3/2017/06/partners-6.png]
[petro.themegum.com/elementor/our-team/our-partners/index.html]
[petro.themegum.com/elementor/wp-content/uploads/sites/3/elementor/css/post-3051962a.css]
[petro.themegum.com/elementor/wp-json/oembed/1.0/embed111f.json]
[petro.themegum.com/elementor/contact-us/index.html]
[petro.themegum.com/elementor/wp-json/oembed/1.0/embedc047]
[petro.themegum.com/elementor/wp-content/uploads/sites/3/elementor/css/post-19445685.css]
[petro.themegum.com/elementor/wp-json/oembed/1.0/embedcf89.json]
[petro.themegum.com/elementor/services-1/index.html]
[petro.themegum.com/elementor/wp-json/oembed/1.0/embedab44]
[petro.themegum.com/elementor/wp-content/uploads/sites/3/elementor/css/post-2102aa1b.css]
[petro.themegum.com/elementor/wp-json/oembed/1.0/embedb32a.json]
[petro.themegum.com/elementor/service-2-2/index.html]
[petro.themegum.com/elementor/wp-json/oembed/1.0/embed6e82]
[petro.themegum.com/elementor/wp-content/uploads/sites/3/elementor/css/post-1810042b.css]
[petro.themegum.com/elementor/wp-json/oembed/1.0/embed150f.json]
[petro.themegum.com/elementor/petro-service/agricultural-processing/index.html]
[petro.themegum.com/elementor/wp-json/oembed/1.0/embed3f8a]
[petro.themegum.com/elementor/wp-content/uploads/sites/3/elementor/css/post-18071dd2.css]
[petro.themegum.com/elementor/wp-json/oembed/1.0/embed92a6.json]
[petro.themegum.com/elementor/wp-json/oembed/1.0/embed299d]
[petro.themegum.com/elementor/wp-content/uploads/sites/3/2017/06/service-detail-1.jpg]
[petro.themegum.com/elementor/petro-service/mechanical-engineering/index.html]
[petro.themegum.com/elementor/wp-content/uploads/sites/3/elementor/css/post-21354287.css]
[petro.themegum.com/elementor/wp-json/oembed/1.0/embed0da2.json]
[petro.themegum.com/elementor/projects/index.html]
[petro.themegum.com/elementor/wp-json/oembed/1.0/embed9e76]
[petro.themegum.com/elementor/wp-content/uploads/sites/3/elementor/css/post-2150f97e.css]
[petro.themegum.com/elementor/wp-json/oembed/1.0/embed1c85.json]
[petro.themegum.com/elementor/project-4-columns/index.html]
[petro.themegum.com/elementor/wp-json/oembed/1.0/embed5ebc]
[petro.themegum.com/elementor/wp-content/uploads/sites/3/elementor/css/post-2138c1ba.css]
[petro.themegum.com/elementor/wp-json/oembed/1.0/embeda8bd.json]
[petro.themegum.com/elementor/wp-json/oembed/1.0/embed24ef]
[petro.themegum.com/elementor/wp-content/uploads/sites/3/2017/06/project-detail-1.jpg]
[petro.themegum.com/elementor/project/industrial-complex/index.html]
[petro.themegum.com/elementor/wp-content/uploads/sites/3/2017/06/project-detail-4.jpg]
[petro.themegum.com/elementor/tg_postcat/factory/index.html]
[petro.themegum.com/elementor/tg_postcat/industry/index.html]
[petro.themegum.com/elementor/wp-content/uploads/sites/3/2017/06/project-detail-3.jpg]
[petro.themegum.com/elementor/tg_postcat/manufacturing/index.html]
[petro.themegum.com/elementor/author/saleh0/index.html]
[petro.themegum.com/elementor/wp-content/uploads/sites/3/2017/06/project-detail-2.jpg]
[petro.themegum.com/elementor/category/chemical/index.html]
[petro.themegum.com/elementor/wp-content/themes/petro/js/bootstrap.min55a0.js]
[petro.themegum.com/elementor/blog/index.html]
[petro.themegum.com/elementor/category/metallurgy/index.html]
[petro.themegum.com/elementor/category/machinery/index.html]
[petro.themegum.com/elementor/category/industry/index.html]
[petro.themegum.com/elementor/2017/06/14/proin-massa-sem-tempor-eu-lacus-ut-tempor-imperdiet-purus-cras-at-molestie-velit/index.html]
[petro.themegum.com/elementor/2017/06/14/morbi-at-sodales-arcu-vitae-laoreet-urna-aenean-ac-justo-nibh/index.html]
[petro.themegum.com/elementor/2017/06/14/duis-sed-quam-eget-massa-porta-blandit-quis-id-nibh-nam-ac-nulla-nunc/index.html]
[petro.themegum.com/elementor/wp-json/oembed/1.0/embed5f5c.json]
[petro.themegum.com/elementor/2017/06/14/the-best-in-dolor-sit-amet-consectetur-adipisicing-elit-sedos/index.html]
[petro.themegum.com/elementor/2017/06/index.html]
[petro.themegum.com/elementor/tag/engineering/index.html]
[petro.themegum.com/elementor/tag/chemical/index.html]
[petro.themegum.com/elementor/wp-json/oembed/1.0/embedd146]
[petro.themegum.com/elementor/2017/06/14/suspendisse-vel-egestas-arcu-pellentesque-habitant-morbi-tristique-senectus-et-netus-et-malesuada-fames-ac-turpis-egestas/index.html]
[petro.themegum.com/elementor/tag/market/index.html]
[petro.themegum.com/elementor/tag/mechanical/index.html]
[petro.themegum.com/elementor/tag/metallurgy/index.html]
[petro.themegum.com/elementor/wp-content/uploads/sites/3/2017/08/product-17.jpg]
[petro.themegum.com/elementor/tag/company/index.html]
[petro.themegum.com/elementor/tag/oils-and-gas/index.html]
[petro.themegum.com/elementor/wp-content/uploads/sites/3/2017/08/product-16.jpg]
[petro.themegum.com/elementor/tag/power-and-energy/index.html]
[petro.themegum.com/elementor/tag/industrial/index.html]
[petro.themegum.com/elementor/wp-content/uploads/sites/3/2017/06/service-3-300x200.jpg]
[petro.themegum.com/elementor/tag/manufacturing/index.html]
[petro.themegum.com/elementor/category/machinery/feed/index.html]
[petro.themegum.com/elementor/wp-content/uploads/sites/3/2017/06/service-4-300x200.jpg]
[petro.themegum.com/elementor/wp-content/uploads/sites/3/2017/06/blog-4-300x188.jpg]
[petro.themegum.com/elementor/search/in/feed/rss2/index.html]
[petro.themegum.com/elementor/product/chainsaw/index.html]
[petro.themegum.com/elementor/wp-content/uploads/sites/3/2017/06/project-detail-5-300x200.jpeg]
[petro.themegum.com/elementor/product/measuring-tape/index.html]
[petro.themegum.com/elementor/wp-content/uploads/sites/3/2017/06/project-detail-3-300x200.jpg]
[petro.themegum.com/elementor/index9d1b.html]
[petro.themegum.com/elementor/index5b5f.html]
[petro.themegum.com/elementor/wp-content/uploads/sites/3/2017/06/project-detail-1-300x200.jpg]
[petro.themegum.com/elementor/tg_postcat/gas/index.html]
[petro.themegum.com/elementor/index24ab.html]
[petro.themegum.com/elementor/tg_postcat/oil/index.html]
[petro.themegum.com/elementor/indexb00f.html]
[petro.themegum.com/elementor/wp-content/uploads/sites/3/elementor/css/post-389091d4.css]
[petro.themegum.com/elementor/elements/testimonial-demo/index.html]
[petro.themegum.com/elementor/wp-content/uploads/sites/3/elementor/css/post-1906c46d.css]
[petro.themegum.com/elementor/elements/pricing-table/index.html]
[petro.themegum.com/elementor/wp-content/uploads/sites/3/elementor/css/post-1916c46d.css]
[petro.themegum.com/elementor/elements/button/index.html]
[petro.themegum.com/elementor/wp-content/uploads/sites/3/elementor/css/post-1953c46d.css]
[petro.themegum.com/elementor/elements/responsive-tabs/index.html]
[petro.themegum.com/elementor/wp-content/uploads/sites/3/elementor/css/post-1988c46d.css]
[petro.themegum.com/elementor/elements/custom-team/index.html]
[petro.themegum.com/elementor/wp-content/uploads/sites/3/elementor/css/post-2109b163.css]
[petro.themegum.com/elementor/wp-content/uploads/sites/3/2017/06/history-1.jpg]
[petro.themegum.com/elementor/wp-content/uploads/sites/3/2017/06/history-4.jpg]
[petro.themegum.com/elementor/elements/timeline/index.html]
[petro.themegum.com/elementor/wp-content/uploads/sites/3/elementor/css/post-2175b163.css]
[petro.themegum.com/elementor/elements/unordered-list/index.html]
[petro.themegum.com/elementor/wp-content/uploads/sites/3/elementor/css/post-2204b163.css]
[petro.themegum.com/elementor/elements/icon-boxes/index.html]
[petro.themegum.com/elementor/wp-content/uploads/sites/3/elementor/css/post-35151c0f.css]
[petro.themegum.com/elementor/elements/glyph-icon/index.html]
[petro.themegum.com/elementor/wp-content/uploads/sites/3/elementor/css/post-35597ef5.css]
[petro.themegum.com/elementor/404-1/index.html]
[petro.themegum.com/elementor/wp-content/uploads/sites/3/elementor/css/post-3526eac4.css]
[petro.themegum.com/elementor/wp-content/uploads/sites/3/2017/10/industrial_worker_PNG11410.png]
[petro.themegum.com/elementor/404-1/404-2/index.html]
[petro.themegum.com/elementor/wp-content/uploads/sites/3/elementor/css/post-354288c1.css]
[petro.themegum.com/elementor/wp-content/uploads/sites/3/2017/10/404-img-2.png]
[petro.themegum.com/elementor/404-1/404-3/index.html]
[petro.themegum.com/elementor/wp-content/uploads/sites/3/elementor/css/post-3551cc69.css]
[petro.themegum.com/elementor/404-1/404-4/index.html]
[petro.themegum.com/elementor/wp-content/uploads/sites/3/elementor/css/post-355510f2.css]
[petro.themegum.com/elementor/404-1/404-5/index.html]
[petro.themegum.com/elementor/wp-content/uploads/sites/3/2017/08/product-1.jpg]
[petro.themegum.com/elementor/wp-content/uploads/sites/3/2017/08/product-20.jpg]
[petro.themegum.com/elementor/wp-content/uploads/sites/3/2017/08/product-6.jpg]
[petro.themegum.com/elementor/wp-content/uploads/sites/3/2017/08/product-19.jpg]
[petro.themegum.com/elementor/wp-content/uploads/sites/3/2017/08/product-18.jpg]
[petro.themegum.com/elementor/wp-content/uploads/sites/3/2017/08/product-4.jpg]
[petro.themegum.com/elementor/wp-content/uploads/sites/3/2017/08/product-12.jpg]
[petro.themegum.com/elementor/wp-content/uploads/sites/3/2017/08/product-8.jpg]
[petro.themegum.com/elementor/wp-includes/js/jquery/ui/widget.mine899.js]
[petro.themegum.com/elementor/wp-includes/js/jquery/ui/mouse.mine899.js]
[petro.themegum.com/elementor/wp-includes/js/jquery/ui/slider.mine899.js]
[petro.themegum.com/elementor/product-category/tools/cutting/index.html]
[petro.themegum.com/elementor/product-category/tools/drill/index.html]
[petro.themegum.com/elementor/shop/page/2/index.html]
[petro.themegum.com/elementor/wp-content/plugins/woocommerce/assets/js/jquery-ui-touch-punch/jquery-ui-touch-punch.min0235.js]
[petro.themegum.com/elementor/product-category/posters/index.html]
[petro.themegum.com/elementor/wp-content/plugins/woocommerce/assets/js/accounting/accounting.minaffb.js]
[petro.themegum.com/elementor/shop/index.html]
[petro.themegum.com/elementor/shop/checkout/index.html]
[petro.themegum.com/elementor/wp-content/plugins/woocommerce/assets/js/frontend/price-slider.min0235.js]
[petro.themegum.com/elementor/product-category/tools/index.html]
[petro.themegum.com/elementor/wp-content/plugins/woocommerce/assets/css/select20235.css]
[petro.themegum.com/elementor/product/toolbox/index.html]
[petro.themegum.com/elementor/wp-json/oembed/1.0/embedd131.json]
[petro.themegum.com/elementor/wp-json/oembed/1.0/embed1c7b]
[petro.themegum.com/elementor/wp-content/plugins/woocommerce/assets/js/frontend/country-select.min0235.js]
[petro.themegum.com/elementor/wp-content/plugins/woocommerce/assets/js/frontend/address-i18n.min0235.js]
[petro.themegum.com/elementor/wp-content/plugins/woocommerce/assets/js/frontend/cart.min0235.js]
[petro.themegum.com/elementor/shop/cart/index.html]
[petro.themegum.com/elementor/wp-content/plugins/woocommerce/assets/js/selectWoo/selectWoo.full.min0ba6.js]
[petro.themegum.com/elementor/wp-content/uploads/sites/3/elementor/css/post-2174fb20.css]
[petro.themegum.com/elementor/wp-json/oembed/1.0/embed2dd7.json]
[petro.themegum.com/elementor/project/balongan-refinery/index.html]
[petro.themegum.com/elementor/wp-json/oembed/1.0/embed9686]
[petro.themegum.com/elementor/wp-content/uploads/sites/3/elementor/css/post-2145bb7a.css]
[petro.themegum.com/elementor/project/offshore/feed/index.html]
[petro.themegum.com/elementor/wp-json/oembed/1.0/embed92d6.json]
[petro.themegum.com/elementor/project/offshore/index.html]
[petro.themegum.com/elementor/wp-json/oembed/1.0/embed2342]
[petro.themegum.com/elementor/wp-content/uploads/sites/3/elementor/css/post-2144fb7d.css]
[petro.themegum.com/elementor/wp-json/oembed/1.0/embed047e.json]
[petro.themegum.com/elementor/project/wind-power/index.html]
[petro.themegum.com/elementor/wp-json/oembed/1.0/embedb800]
[petro.themegum.com/elementor/wp-content/uploads/sites/3/elementor/css/post-2143d9e3.css]
[petro.themegum.com/elementor/wp-json/oembed/1.0/embed3138.json]
[petro.themegum.com/elementor/project/oil-pipeline/index.html]
[petro.themegum.com/elementor/wp-json/oembed/1.0/embed59ee]
[petro.themegum.com/elementor/wp-content/uploads/sites/3/elementor/css/post-21427cc9.css]
[petro.themegum.com/elementor/wp-json/oembed/1.0/embed97c2.json]
[petro.themegum.com/elementor/project/gear-manufacturing/index.html]
[petro.themegum.com/elementor/wp-json/oembed/1.0/embedb4be]
[petro.themegum.com/elementor/wp-content/uploads/sites/3/elementor/css/post-21410473.css]
[petro.themegum.com/elementor/wp-json/oembed/1.0/embedfaeb.json]
[petro.themegum.com/elementor/project/iron-smelter/index.html]
[petro.themegum.com/elementor/wp-json/oembed/1.0/embedfa12]
[petro.themegum.com/elementor/wp-content/uploads/sites/3/elementor/css/post-2140f21b.css]
[petro.themegum.com/elementor/wp-json/oembed/1.0/embed4a2b.json]
[petro.themegum.com/elementor/project/warehouse-industry/index.html]
[petro.themegum.com/elementor/wp-json/oembed/1.0/embeda357]
[petro.themegum.com/elementor/wp-content/uploads/sites/3/elementor/css/post-21394a3a.css]
[petro.themegum.com/elementor/wp-json/oembed/1.0/embedb1a7.json]
[petro.themegum.com/elementor/project/the-gas-company/index.html]
[petro.themegum.com/elementor/wp-json/oembed/1.0/embed1d3c]
[petro.themegum.com/elementor/wp-content/uploads/sites/3/elementor/css/post-1819e441.css]
[petro.themegum.com/elementor/wp-json/oembed/1.0/embedd463.json]
[petro.themegum.com/elementor/wp-json/oembed/1.0/embed4267]
[petro.themegum.com/elementor/wp-content/uploads/sites/3/2017/06/blog-5.jpg]
[petro.themegum.com/elementor/petro-service/material-engineering/index.html]
[petro.themegum.com/elementor/wp-content/uploads/sites/3/elementor/css/post-1816e16f.css]
[petro.themegum.com/elementor/wp-json/oembed/1.0/embed4321.json]
[petro.themegum.com/elementor/petro-service/chemical-research/index.html]
[petro.themegum.com/elementor/wp-json/oembed/1.0/embed68d2]
[petro.themegum.com/elementor/wp-content/uploads/sites/3/elementor/css/post-18148b83.css]
[petro.themegum.com/elementor/wp-json/oembed/1.0/embed3b2b.json]
[petro.themegum.com/elementor/petro-service/power-and-energy/index.html]
[petro.themegum.com/elementor/wp-json/oembed/1.0/embed9f3b]
[petro.themegum.com/elementor/wp-content/uploads/sites/3/elementor/css/post-18128832.css]
[petro.themegum.com/elementor/wp-json/oembed/1.0/embed87cc.json]
[petro.themegum.com/elementor/petro-service/oils-and-lubricants/index.html]
[petro.themegum.com/elementor/wp-json/oembed/1.0/embeded2f]
[petro.themegum.com/elementor/wp-json/oembed/1.0/embed2680.json]
[petro.themegum.com/elementor/2017/06/14/best-in-dolor-sit-amet-consectetur-adipisicing/index.html]
[petro.themegum.com/elementor/wp-json/oembed/1.0/embeda66f]
[petro.themegum.com/elementor/wp-json/oembed/1.0/embed9a87.json]
[petro.themegum.com/elementor/2017/06/14/cras-malesuada-elit-leo-id-ultrices-felis-porttitor-convallis/index.html]
[petro.themegum.com/elementor/wp-content/uploads/sites/3/elementor/css/post-3951a0cf.css]
[petro.themegum.com/elementor/wp-content/plugins/woocommerce/assets/fonts/star.svg]
[petro.themegum.com/elementor/wp-content/plugins/woocommerce/assets/fonts/WooCommerce.svg]
[petro.themegum.com/elementor/wp-content/plugins/woocommerce/assets/images/icons/loader.svg]
[petro.themegum.com/elementor/wp-content/plugins/woocommerce/assets/images/icons/credit-cards/visa.svg]
[petro.themegum.com/elementor/wp-content/plugins/woocommerce/assets/images/icons/credit-cards/mastercard.svg]
[petro.themegum.com/elementor/wp-content/plugins/woocommerce/assets/images/icons/credit-cards/laser.svg]
[petro.themegum.com/elementor/wp-content/plugins/woocommerce/assets/images/icons/credit-cards/diners.svg]
[petro.themegum.com/elementor/wp-content/plugins/woocommerce/assets/images/icons/credit-cards/maestro.svg]
[petro.themegum.com/elementor/wp-content/plugins/woocommerce/assets/images/icons/credit-cards/jcb.svg]
[petro.themegum.com/elementor/wp-content/plugins/woocommerce/assets/images/icons/credit-cards/amex.svg]
[petro.themegum.com/elementor/wp-content/plugins/woocommerce/assets/images/icons/credit-cards/discover.svg]
[petro.themegum.com/elementor/wp-content/plugins/elementor/assets/lib/eicons/fonts/eicons2cbf.svg]
[petro.themegum.com/elementor/wp-content/plugins/petro-elementor-addon/css/owl.video.play.html]
[petro.themegum.com/elementor/wp-content/themes/petro/fonts/petro-construction/petro-webfontc56b.svg]
[petro.themegum.com/elementor/wp-content/themes/petro/fonts/font-construction/petro-webfontc56b.svg]
[petro.themegum.com/elementor/wp-json/oembed/1.0/embed342a]
[petro.themegum.com/elementor/wp-content/plugins/elementor/assets/lib/font-awesome/webfonts/fa-regular-400.svg]
[petro.themegum.com/elementor/wp-content/plugins/elementor/assets/lib/font-awesome/webfonts/fa-solid-900.svg]
[petro.themegum.com/elementor/wp-content/uploads/sites/3/2017/06/bgoverlay-1.jpg]
[petro.themegum.com/elementor/wp-content/uploads/sites/3/elementor/css/post-2061c46d.css]
[petro.themegum.com/elementor/index59b0.html]
[petro.themegum.com/elementor/wp-content/uploads/sites/3/elementor/css/post-2154b163.css]
[petro.themegum.com/elementor/index7310.html]
[petro.themegum.com/elementor/wp-content/uploads/sites/3/elementor/css/post-312878f9.css]
[petro.themegum.com/elementor/indexb33b.html]
[petro.themegum.com/elementor/wp-content/uploads/sites/3/elementor/css/post-3142b107.css]
[petro.themegum.com/elementor/index908d.html]
[petro.themegum.com/elementor/wp-content/uploads/sites/3/elementor/css/post-3148b107.css]
[petro.themegum.com/elementor/indexeb13.html]
[petro.themegum.com/elementor/wp-content/uploads/sites/3/elementor/css/post-3173b107.css]
[petro.themegum.com/elementor/index6e76.html]
[petro.themegum.com/elementor/wp-content/uploads/sites/3/elementor/css/post-3209b107.css]
[petro.themegum.com/elementor/indexe226.html]
[petro.themegum.com/elementor/wp-content/uploads/sites/3/elementor/css/post-322278f9.css]
[petro.themegum.com/elementor/index96ec.html]
[petro.themegum.com/elementor/wp-content/uploads/sites/3/elementor/css/post-323378f9.css]
[petro.themegum.com/elementor/index3963.html]
[petro.themegum.com/elementor/wp-content/uploads/sites/3/elementor/css/post-396978f9.css]
[petro.themegum.com/elementor/index1b8a.html]
[petro.themegum.com/elementor/wp-content/uploads/sites/3/elementor/css/post-1965b838.css]
[petro.themegum.com/elementor/wp-content/plugins/elementor/assets/lib/font-awesome/webfonts/fa-brands-400.woff2]
[petro.themegum.com/elementor/wp-content/plugins/elementor/assets/lib/font-awesome/webfonts/fa-brands-400.woff]
[petro.themegum.com/elementor/wp-content/plugins/elementor/assets/lib/font-awesome/webfonts/fa-brands-400.eot]
[petro.themegum.com/elementor/wp-content/plugins/elementor/assets/lib/font-awesome/webfonts/fa-brands-400d41d.eot]
[petro.themegum.com/elementor/wp-content/plugins/elementor/assets/lib/font-awesome/webfonts/fa-brands-400.ttf]
[petro.themegum.com/elementor/wp-content/plugins/elementor/assets/lib/font-awesome/webfonts/fa-brands-400.svg]
[petro.themegum.com/elementor/wp-content/plugins/elementor/assets/lib/font-awesome/css/brands.minb683.css]
[petro.themegum.com/elementor/index2752.html]
[petro.themegum.com/elementor/wp-content/uploads/sites/3/2017/06/welcome-img.jpg]
[petro.themegum.com/elementor/wp-content/uploads/sites/3/elementor/css/post-19835dd0.css]
[petro.themegum.com/elementor/index7c5e.html]
[petro.themegum.com/elementor/wp-content/uploads/sites/3/elementor/css/post-20138eff.css]
[petro.themegum.com/elementor/index77d6.html]
[petro.themegum.com/elementor/wp-content/uploads/sites/3/elementor/css/post-2030b0c0.css]
[petro.themegum.com/elementor/indexb776.html]
[petro.themegum.com/elementor/wp-content/uploads/sites/3/elementor/css/post-3051962a.css]
[petro.themegum.com/elementor/index0c6c.html]
[petro.themegum.com/elementor/wp-content/uploads/sites/3/elementor/css/post-19445685.css]
[petro.themegum.com/elementor/index5a52.html]
[petro.themegum.com/elementor/wp-content/uploads/sites/3/elementor/css/post-2102aa1b.css]
[petro.themegum.com/elementor/index4fc9.html]
[petro.themegum.com/elementor/wp-content/uploads/sites/3/elementor/css/post-1810042b.css]
[petro.themegum.com/elementor/indexcb44.html]
[petro.themegum.com/elementor/wp-content/uploads/sites/3/elementor/css/post-18071dd2.css]
[petro.themegum.com/elementor/index0cf1.html]
[petro.themegum.com/elementor/wp-content/uploads/sites/3/elementor/css/post-21354287.css]
[petro.themegum.com/elementor/indexbb9e.html]
[petro.themegum.com/elementor/wp-content/uploads/sites/3/elementor/css/post-2150f97e.css]
[petro.themegum.com/elementor/index4be5.html]
[petro.themegum.com/elementor/wp-content/uploads/sites/3/elementor/css/post-2138c1ba.css]
[petro.themegum.com/elementor/index9076.html]
[petro.themegum.com/elementor/tg_postcat/factory/index.html]
[petro.themegum.com/elementor/tg_postcat/factory/feed/index.html]
[petro.themegum.com/elementor/tg_postcat/industry/index.html]
[petro.themegum.com/elementor/tg_postcat/industry/feed/index.html]
[petro.themegum.com/elementor/tg_postcat/manufacturing/index.html]
[petro.themegum.com/elementor/author/saleh0/index.html]
[petro.themegum.com/elementor/tg_postcat/manufacturing/feed/index.html]
[petro.themegum.com/elementor/category/chemical/index.html]
[petro.themegum.com/elementor/author/saleh0/feed/index.html]
[petro.themegum.com/elementor/category/chemical/feed/index.html]
[petro.themegum.com/elementor/category/metallurgy/index.html]
[petro.themegum.com/elementor/category/industry/index.html]
[petro.themegum.com/elementor/category/metallurgy/feed/index.html]
[petro.themegum.com/elementor/category/industry/feed/index.html]
[petro.themegum.com/elementor/wp-json/oembed/1.0/embed3185.json]
[petro.themegum.com/elementor/2017/06/14/proin-massa-sem-tempor-eu-lacus-ut-tempor-imperdiet-purus-cras-at-molestie-velit/index.html]
[petro.themegum.com/elementor/wp-json/oembed/1.0/embedb02d]
[petro.themegum.com/elementor/wp-json/oembed/1.0/embedf7af.json]
[petro.themegum.com/elementor/2017/06/14/morbi-at-sodales-arcu-vitae-laoreet-urna-aenean-ac-justo-nibh/index.html]
[petro.themegum.com/elementor/wp-json/oembed/1.0/embedc097]
[petro.themegum.com/elementor/wp-json/oembed/1.0/embed9d5f.json]
[petro.themegum.com/elementor/2017/06/14/duis-sed-quam-eget-massa-porta-blandit-quis-id-nibh-nam-ac-nulla-nunc/index.html]
[petro.themegum.com/elementor/wp-json/oembed/1.0/embed6612]
[petro.themegum.com/elementor/wp-json/oembed/1.0/embedeef0.json]
[petro.themegum.com/elementor/2017/06/14/the-best-in-dolor-sit-amet-consectetur-adipisicing-elit-sedos/index.html]
[petro.themegum.com/elementor/2017/06/index.html]
[petro.themegum.com/elementor/tag/engineering/index.html]
[petro.themegum.com/elementor/tag/chemical/index.html]
[petro.themegum.com/elementor/tag/market/index.html]
[petro.themegum.com/elementor/wp-json/oembed/1.0/embed60ca]
[petro.themegum.com/elementor/tag/mechanical/index.html]
[petro.themegum.com/elementor/tag/market/feed/index.html]
[petro.themegum.com/elementor/tag/chemical/feed/index.html]
[petro.themegum.com/elementor/tag/engineering/feed/index.html]
[petro.themegum.com/elementor/tag/metallurgy/index.html]
[petro.themegum.com/elementor/tag/mechanical/feed/index.html]
[petro.themegum.com/elementor/tag/company/index.html]
[petro.themegum.com/elementor/tag/oils-and-gas/index.html]
[petro.themegum.com/elementor/tag/metallurgy/feed/index.html]
[petro.themegum.com/elementor/tag/power-and-energy/index.html]
[petro.themegum.com/elementor/tag/industrial/index.html]
[petro.themegum.com/elementor/tag/oils-and-gas/feed/index.html]
[petro.themegum.com/elementor/tag/company/feed/index.html]
[petro.themegum.com/elementor/tag/power-and-energy/feed/index.html]
[petro.themegum.com/elementor/tag/manufacturing/index.html]
[petro.themegum.com/elementor/tag/industrial/feed/index.html]
[petro.themegum.com/elementor/tag/manufacturing/feed/index.html]
[petro.themegum.com/elementor/index939a.html]
[petro.themegum.com/elementor/wp-json/oembed/1.0/embed7142.json]
[petro.themegum.com/elementor/wp-json/oembed/1.0/embed5e4e]
[petro.themegum.com/elementor/wp-content/uploads/sites/3/2017/08/product-9.jpg]
[petro.themegum.com/elementor/wp-content/uploads/sites/3/2017/08/product-2.jpg]
[petro.themegum.com/elementor/wp-content/plugins/woocommerce/assets/js/frontend/single-product.min0235.js]
[petro.themegum.com/elementor/product/chainsaw/index.html]
[petro.themegum.com/elementor/product/chainsaw/indexbb83.html]
[petro.themegum.com/elementor/product/screwdriver/index.html]
[petro.themegum.com/elementor/index9d1b.html]
[petro.themegum.com/elementor/product/chainsaw/indexad73.html]
[petro.themegum.com/elementor/product/plier/index.html]
[petro.themegum.com/elementor/product/chainsaw/indexe0e5.html]
[petro.themegum.com/elementor/wp-json/oembed/1.0/embed6221.json]
[petro.themegum.com/elementor/product/measuring-tape/index.html]
[petro.themegum.com/elementor/wp-json/oembed/1.0/embed4d0c]
[petro.themegum.com/elementor/index5b5f.html]
[petro.themegum.com/elementor/tg_postcat/gas/index.html]
[petro.themegum.com/elementor/product/measuring-tape/indexe6dc.html]
[petro.themegum.com/elementor/product/measuring-tape/index81b2.html]
[petro.themegum.com/elementor/product/measuring-tape/index02cb.html]
[petro.themegum.com/elementor/tg_postcat/oil/index.html]
[petro.themegum.com/elementor/tg_postcat/eco/index.html]
[petro.themegum.com/elementor/page/2/index24ab.html]
[petro.themegum.com/elementor/page/3/index24ab.html]
[petro.themegum.com/elementor/search/asdasd/feed/rss2/index.html]
[petro.themegum.com/elementor/wp-content/uploads/sites/3/elementor/css/post-389091d4.css]
[petro.themegum.com/elementor/indexbc30.html]
[petro.themegum.com/elementor/wp-json/oembed/1.0/embeda059.html]
[petro.themegum.com/elementor/wp-json/oembed/1.0/embedc30c.html]
[petro.themegum.com/elementor/wp-content/uploads/sites/3/elementor/css/post-1906c46d.css]
[petro.themegum.com/elementor/indexc556.html]
[petro.themegum.com/elementor/wp-json/oembed/1.0/embed3c2f.html]
[petro.themegum.com/elementor/wp-json/oembed/1.0/embedbad6.html]
[petro.themegum.com/elementor/wp-content/uploads/sites/3/elementor/css/post-1916c46d.css]
[petro.themegum.com/elementor/indexf11e.html]
[petro.themegum.com/elementor/wp-json/oembed/1.0/embedfb0f.html]
[petro.themegum.com/elementor/wp-json/oembed/1.0/embed4e14.html]
[petro.themegum.com/elementor/wp-content/uploads/sites/3/elementor/css/post-1953c46d.css]
[petro.themegum.com/elementor/index66cc.html]
[petro.themegum.com/elementor/wp-json/oembed/1.0/embed930a.html]
[petro.themegum.com/elementor/wp-json/oembed/1.0/embed00cd.html]
[petro.themegum.com/elementor/wp-content/uploads/sites/3/elementor/css/post-1988c46d.css]
[petro.themegum.com/elementor/index73f2.html]
[petro.themegum.com/elementor/wp-json/oembed/1.0/embed3df3.html]
[petro.themegum.com/elementor/wp-json/oembed/1.0/embed40fc.html]
[petro.themegum.com/elementor/wp-content/uploads/sites/3/elementor/css/post-2109b163.css]
[petro.themegum.com/elementor/index33df.html]
[petro.themegum.com/elementor/wp-json/oembed/1.0/embed41fa.html]
[petro.themegum.com/elementor/wp-json/oembed/1.0/embed61ef.html]
[petro.themegum.com/elementor/wp-content/uploads/sites/3/elementor/css/post-2175b163.css]
[petro.themegum.com/elementor/indexb15f.html]
[petro.themegum.com/elementor/wp-json/oembed/1.0/embed09a7.html]
[petro.themegum.com/elementor/wp-json/oembed/1.0/embed8a7c.html]
[petro.themegum.com/elementor/tg_postcat/gas/feed/index.html]
[petro.themegum.com/elementor/wp-content/uploads/sites/3/elementor/css/post-2204b163.css]
[petro.themegum.com/elementor/indexea2e.html]
[petro.themegum.com/elementor/wp-json/oembed/1.0/embed0b4c.html]
[petro.themegum.com/elementor/wp-json/oembed/1.0/embed3e6d.html]
[petro.themegum.com/elementor/wp-content/uploads/sites/3/elementor/css/post-35151c0f.css]
[petro.themegum.com/elementor/indexb984.html]
[petro.themegum.com/elementor/wp-json/oembed/1.0/embed5f1f.html]
[petro.themegum.com/elementor/wp-json/oembed/1.0/embedf3d3.html]
[petro.themegum.com/elementor/wp-content/uploads/sites/3/elementor/css/post-35597ef5.css]
[petro.themegum.com/elementor/index2b52.html]
[petro.themegum.com/elementor/wp-json/oembed/1.0/embedfc2f.html]
[petro.themegum.com/elementor/wp-json/oembed/1.0/embedba6b.html]
[petro.themegum.com/elementor/wp-content/uploads/sites/3/elementor/css/post-3526eac4.css]
[petro.themegum.com/elementor/indexb127.html]
[petro.themegum.com/elementor/wp-json/oembed/1.0/embede708.html]
[petro.themegum.com/elementor/wp-json/oembed/1.0/embed80e7.html]
[petro.themegum.com/elementor/wp-content/uploads/sites/3/elementor/css/post-354288c1.css]
[petro.themegum.com/elementor/indexf719.html]
[petro.themegum.com/elementor/wp-json/oembed/1.0/embedda02.html]
[petro.themegum.com/elementor/wp-json/oembed/1.0/embed67d2.html]
[petro.themegum.com/elementor/wp-content/uploads/sites/3/elementor/css/post-3551cc69.css]
[petro.themegum.com/elementor/index35dc.html]
[petro.themegum.com/elementor/wp-json/oembed/1.0/embed3a46.html]
[petro.themegum.com/elementor/wp-json/oembed/1.0/embeddf6b.html]
[petro.themegum.com/elementor/wp-content/uploads/sites/3/elementor/css/post-355510f2.css]
[petro.themegum.com/elementor/indexaead.html]
[petro.themegum.com/elementor/wp-json/oembed/1.0/embed8c05.html]
[petro.themegum.com/elementor/wp-json/oembed/1.0/embed8682.html]
[petro.themegum.com/elementor/shop/feed/index.html]
[petro.themegum.com/elementor/shop/index9d1b.html]
[petro.themegum.com/elementor/product/claw-hammer/index.html]
[petro.themegum.com/elementor/shop/index81b2.html]
[petro.themegum.com/elementor/product/electric-drill/index.html]
[petro.themegum.com/elementor/product/hand-saw/index.html]
[petro.themegum.com/elementor/shop/index02cb.html]
[petro.themegum.com/elementor/product/ladder/index.html]
[petro.themegum.com/elementor/product/magnet/index.html]
[petro.themegum.com/elementor/shop/indexbb83.html]
[petro.themegum.com/elementor/shop/index5b5f.html]
[petro.themegum.com/elementor/product/metal-nail/index.html]
[petro.themegum.com/elementor/shop/indexe6dc.html]
[petro.themegum.com/elementor/product/padlock/index.html]
[petro.themegum.com/elementor/shop/index9863.html]
[petro.themegum.com/elementor/wp-content/uploads/sites/3/2017/08/product-3.jpg]
[petro.themegum.com/elementor/tg_postcat/oil/feed/index.html]
[petro.themegum.com/elementor/wp-content/uploads/sites/3/2017/08/product-7.jpg]
[petro.themegum.com/elementor/wp-content/uploads/sites/3/2017/08/product-11.jpg]
[petro.themegum.com/elementor/shop/page/2/indexe0e5.html]
[petro.themegum.com/elementor/shop/page/2/indexad73.html]
[petro.themegum.com/elementor/wp-content/uploads/sites/3/2017/08/product-5.jpg]
[petro.themegum.com/elementor/product/shovel/index.html]
[petro.themegum.com/elementor/shop/page/2/index.html]
[petro.themegum.com/elementor/product-category/tools/cutting/index.html]
[petro.themegum.com/elementor/shop/page/2/indexd68f.html]
[petro.themegum.com/elementor/product-category/tools/drill/index.html]
[petro.themegum.com/elementor/product/spanner/index.html]
[petro.themegum.com/elementor/shop/page/2/indexd81d.html]
[petro.themegum.com/elementor/product/trowel/index.html]
[petro.themegum.com/elementor/product-category/posters/index.html]
[petro.themegum.com/elementor/shop/page/2/index3e6f.html]
[petro.themegum.com/elementor/product/wrench/index.html]
[petro.themegum.com/elementor/product-category/tools/index.html]
[petro.themegum.com/elementor/shop/page/2/indexf814.html]
[petro.themegum.com/elementor/product-category/tools/cutting/feed/index.html]
[petro.themegum.com/elementor/product-category/tools/cutting/index9d1b.html]
[petro.themegum.com/elementor/product-category/tools/cutting/indexbb83.html]
[petro.themegum.com/elementor/product-category/tools/cutting/index9863.html]
[petro.themegum.com/elementor/wp-json/oembed/1.0/embedb2ae.json]
[petro.themegum.com/elementor/product-category/tools/cutting/indexe0e5.html]
[petro.themegum.com/elementor/product/toolbox/index.html]
[petro.themegum.com/elementor/wp-content/plugins/woocommerce/assets/css/select20235.css]
[petro.themegum.com/elementor/index105b.html]
[petro.themegum.com/elementor/wp-content/uploads/sites/3/elementor/css/post-2174fb20.css]
[petro.themegum.com/elementor/indexad76.html]
[petro.themegum.com/elementor/wp-content/uploads/sites/3/elementor/css/post-2145bb7a.css]
[petro.themegum.com/elementor/index3095.html]
[petro.themegum.com/elementor/wp-content/uploads/sites/3/elementor/css/post-2144fb7d.css]
[petro.themegum.com/elementor/indexd2e1.html]
[petro.themegum.com/elementor/wp-content/uploads/sites/3/elementor/css/post-2143d9e3.css]
[petro.themegum.com/elementor/index5f74.html]
[petro.themegum.com/elementor/wp-content/uploads/sites/3/elementor/css/post-21427cc9.css]
[petro.themegum.com/elementor/index1fe5.html]
[petro.themegum.com/elementor/wp-content/uploads/sites/3/elementor/css/post-21410473.css]
[petro.themegum.com/elementor/index688e.html]
[petro.themegum.com/elementor/wp-content/uploads/sites/3/elementor/css/post-2140f21b.css]
[petro.themegum.com/elementor/index43cd.html]
[petro.themegum.com/elementor/wp-content/uploads/sites/3/elementor/css/post-21394a3a.css]
[petro.themegum.com/elementor/indexb1e6.html]
[petro.themegum.com/elementor/wp-content/uploads/sites/3/elementor/css/post-1819e441.css]
[petro.themegum.com/elementor/index6fe6.html]
[petro.themegum.com/elementor/wp-content/uploads/sites/3/elementor/css/post-1816e16f.css]
[petro.themegum.com/elementor/indexb62e.html]
[petro.themegum.com/elementor/wp-content/uploads/sites/3/elementor/css/post-18148b83.css]
[petro.themegum.com/elementor/indexc0e8.html]
[petro.themegum.com/elementor/wp-content/uploads/sites/3/elementor/css/post-18128832.css]
[petro.themegum.com/elementor/indexa6f0.html]
[petro.themegum.com/elementor/index111c.html]
[petro.themegum.com/elementor/index1540.html]
[petro.themegum.com/elementor/wp-content/plugins/elementor/assets/lib/font-awesome/webfonts/fa-brands-400.svg]
[petro.themegum.com/elementor/index5e30.html]
[petro.themegum.com/elementor/index10ba.html]
[petro.themegum.com/elementor/index43ce.html]
[petro.themegum.com/elementor/index26b6.html]
[petro.themegum.com/elementor/index16b2.html]
[petro.themegum.com/elementor/product/chainsaw/indexbb83.html]
[petro.themegum.com/elementor/product/screwdriver/index.html]
[petro.themegum.com/elementor/product/chainsaw/indexad73.html]
[petro.themegum.com/elementor/product/plier/index.html]
[petro.themegum.com/elementor/product/chainsaw/indexe0e5.html]
[petro.themegum.com/elementor/index1e06.html]
[petro.themegum.com/elementor/product/measuring-tape/indexe6dc.html]
[petro.themegum.com/elementor/product/measuring-tape/index81b2.html]
[petro.themegum.com/elementor/product/measuring-tape/index02cb.html]
[petro.themegum.com/elementor/shop/page/2/indexe0e5.html]
[petro.themegum.com/elementor/shop/page/2/indexad73.html]
[petro.themegum.com/elementor/product/shovel/index.html]
[petro.themegum.com/elementor/shop/page/2/indexd68f.html]
[petro.themegum.com/elementor/product/spanner/index.html]
[petro.themegum.com/elementor/shop/page/2/indexd81d.html]
[petro.themegum.com/elementor/product/trowel/index.html]
[petro.themegum.com/elementor/shop/page/2/index3e6f.html]
[petro.themegum.com/elementor/product/wrench/index.html]
[petro.themegum.com/elementor/shop/page/2/indexf814.html]
[petro.themegum.com/elementor/shop/page/1/index.html]
[petro.themegum.com/elementor/product-category/tools/cutting/index9d1b.html]
[petro.themegum.com/elementor/product-category/tools/cutting/indexbb83.html]
[petro.themegum.com/elementor/product-category/tools/cutting/index9863.html]
[petro.themegum.com/elementor/product-category/tools/cutting/indexe0e5.html]
[petro.themegum.com/elementor/product-category/tools/cutting/indexad73.html]
[petro.themegum.com/elementor/product-category/tools/drill/feed/index.html]
[petro.themegum.com/elementor/product-category/tools/drill/indexd68f.html]
[petro.themegum.com/elementor/product-category/tools/drill/index3e6f.html]
[petro.themegum.com/elementor/product-category/tools/drill/indexf814.html]
[petro.themegum.com/elementor/product-category/posters/feed/index.html]
[petro.themegum.com/elementor/product-category/posters/index81b2.html]
[petro.themegum.com/elementor/product-category/posters/index02cb.html]
[petro.themegum.com/elementor/product-category/posters/index5b5f.html]
[petro.themegum.com/elementor/product-category/posters/indexe6dc.html]
[petro.themegum.com/elementor/product-category/posters/indexd81d.html]
[petro.themegum.com/elementor/product-category/tools/feed/index.html]
[petro.themegum.com/elementor/product-category/tools/index9d1b.html]
[petro.themegum.com/elementor/product-category/tools/indexbb83.html]
[petro.themegum.com/elementor/product-category/tools/index9863.html]
[petro.themegum.com/elementor/product-category/tools/indexe0e5.html]
[petro.themegum.com/elementor/product-category/tools/indexad73.html]
[petro.themegum.com/elementor/product-category/tools/indexd68f.html]
[petro.themegum.com/elementor/product-category/tools/index3e6f.html]
[petro.themegum.com/elementor/product-category/tools/indexf814.html]
[petro.themegum.com/elementor/indexf7c2.html]
[petro.themegum.com/elementor/wp-json/oembed/1.0/embedc6ea.html]
[petro.themegum.com/elementor/product/toolbox/index81b2.html]
[petro.themegum.com/elementor/product/toolbox/index5b5f.html]
[petro.themegum.com/elementor/product/toolbox/index02cb.html]
[petro.themegum.com/elementor/product/chainsaw/indexf814.html]
[petro.themegum.com/elementor/product/chainsaw/index3e6f.html]
[petro.themegum.com/elementor/index037f.html]
[petro.themegum.com/elementor/wp-json/oembed/1.0/embed80a6.html]
[petro.themegum.com/elementor/wp-json/oembed/1.0/embed2b29.html]
[petro.themegum.com/elementor/product/screwdriver/indexbb83.html]
[petro.themegum.com/elementor/index7129.html]
[petro.themegum.com/elementor/wp-json/oembed/1.0/embed1a81.html]
[petro.themegum.com/elementor/wp-json/oembed/1.0/embed08f1.html]
[petro.themegum.com/elementor/product/plier/index3e6f.html]
[petro.themegum.com/elementor/product/chainsaw/index9863.html]
[petro.themegum.com/elementor/product/measuring-tape/indexd81d.html]
[petro.themegum.com/elementor/product/shovel/feed/index.html]
[petro.themegum.com/elementor/index2297.html]
[petro.themegum.com/elementor/wp-json/oembed/1.0/embed81cc.html]
[petro.themegum.com/elementor/wp-json/oembed/1.0/embed7a99.html]
[petro.themegum.com/elementor/product/shovel/indexe0e5.html]
[petro.themegum.com/elementor/product/shovel/indexf814.html]
[petro.themegum.com/elementor/product/shovel/indexad73.html]
[petro.themegum.com/elementor/index3c39.html]
[petro.themegum.com/elementor/wp-json/oembed/1.0/embed543a.html]
[petro.themegum.com/elementor/wp-json/oembed/1.0/embeda10c.html]
[petro.themegum.com/elementor/product/spanner/indexe0e5.html]
[petro.themegum.com/elementor/product/spanner/indexad73.html]
[petro.themegum.com/elementor/product/trowel/feed/index.html]
[petro.themegum.com/elementor/index3e8c.html]
[petro.themegum.com/elementor/wp-json/oembed/1.0/embedf703.html]
[petro.themegum.com/elementor/wp-json/oembed/1.0/embed2312.html]
[petro.themegum.com/elementor/product/trowel/indexad73.html]
[petro.themegum.com/elementor/product/trowel/index9863.html]
[petro.themegum.com/elementor/product/trowel/indexbb83.html]
[petro.themegum.com/elementor/indexb1b4.html]
[petro.themegum.com/elementor/wp-json/oembed/1.0/embed805c.html]
[petro.themegum.com/elementor/wp-json/oembed/1.0/embed4b23.html]
[petro.themegum.com/elementor/product/wrench/indexbb83.html]
[petro.themegum.com/elementor/product/wrench/index9d1b.html]
[petro.themegum.com/elementor/product/wrench/indexd68f.html]
